Tue Oct  8 19:20:09 EDT 2024
$PROBLEM    032 block CL V2
$INPUT      ROW ID NOMTIME TIME EVID CMT AMT DV FLAG STUDY BLQ CYCLE
            DOSE PART PROFDAY PROFTIME WEIGHTB eff0
$DATA      xgxr2.csv IGNORE=@ IGNORE=(FLAG.NE.0) IGNORE(DOSE.LT.30)
$SUBROUTINE ADVAN4 TRANS4
$PK
LTVKA=THETA(1)
LTVV2=THETA(2)
LTVCL=THETA(3)
LTVV3=THETA(4)
LTVQ=THETA(5)

MU_1=LTVKA
KA=EXP(MU_1+ETA(1))
MU_2=LTVV2
V2=EXP(MU_2+ETA(2))
MU_3=LTVCL
CL=EXP(MU_3+ETA(3))
MU_4=LTVV3
V3=EXP(MU_4+ETA(4))
MU_5 = LTVQ
Q =EXP(MU_5+ETA(5))
S2=V2

$ERROR
  IPRED=F
  IRES=DV-IPRED

  IF (IPRED.GT.1) THEN
    W = SQRT(IPRED**2*SIGMA(1,1) + SIGMA(2,2))
  ELSE
    W=1
  ENDIF

  IWRES=IRES/W
  Y=F+F*ERR(1)+ERR(2)

;-----------------------INITIAL ESTIMATES---------------------------------
$THETA  .1 ; LTVKA
$THETA  3 ; LTVV2
$THETA  1 ; LTVCL
$THETA  4 ; LTVV3
$THETA  -1 ; LTVQ
$OMEGA  0  FIX
$OMEGA  BLOCK(2)
 0.1
 .01 0.1
$OMEGA  0  FIX
$OMEGA  0  FIX
$SIGMA  0.1
$SIGMA  0  FIX
;; $ESTIMATION METHOD=1 POSTHOC INTER MAXEVAL=9999 NSIG=2 SIGL=9
;;            PRINT=10 NOABORT MSFO=xgxr033.msf
$ESTIMATION METHOD=SAEM INTERACTION NOABORT NBURN=1000 NITER=1000
            CTYPE=3 MAX=99999 NSIG=3 SEED=3442 PRINT=10 RANMETHOD=P
            MSFO=xgxr033.msf
$ESTIMATION METHOD=IMP INTERACTION EONLY=1 NITER=20 PRINT=1
            ISAMPLE=5000 RANMETHOD=P
$COVARIANCE PRINT=E
$TABLE      ROW LTVKA LTVV2 LTVV3 LTVCL LTVQ KA V2 V3 CL Q PRED IPRED
            Y NOPRINT FILE=xgxr033_res.txt
$TABLE      ETAS(1:LAST) NOAPPEND NOPRINT FILE=xgxr033_etas.txt


NM-TRAN MESSAGES
  
 WARNINGS AND ERRORS (IF ANY) FOR PROBLEM    1
             
 (WARNING  2) NM-TRAN INFERS THAT THE DATA ARE POPULATION.
             
 (WARNING  79) SIGMA IS USED ON THE RIGHT. WITH A SUBSEQUENT RUN, IF AN
 INITIAL ESTIMATE OF A DIAGONAL BLOCK OF SIGMA IS TO BE COMPUTED BY
 NONMEM, THAT BLOCK WILL BE SET TO AN IDENTITY MATRIX DURING THAT
 COMPUTATION. THIS COULD LEAD TO AN ARITHMETIC EXCEPTION.*

 * THE MAXIMUM NUMBER OF WARNINGS OF ONE OR MORE TYPES WAS REACHED.
 IT IS POSSIBLE THAT SOME WARNING MESSAGES WERE SUPPRESSED.

License Registered to: Vertex Pharmaceuticals Inc
Expiration Date:    14 JAN 2025
Current Date:        8 OCT 2024
Days until program expires : 101
1NONLINEAR MIXED EFFECTS MODEL PROGRAM (NONMEM) VERSION 7.5.0
 ORIGINALLY DEVELOPED BY STUART BEAL, LEWIS SHEINER, AND ALISON BOECKMANN
 CURRENT DEVELOPERS ARE ROBERT BAUER, ICON DEVELOPMENT SOLUTIONS,
 AND ALISON BOECKMANN. IMPLEMENTATION, EFFICIENCY, AND STANDARDIZATION
 PERFORMED BY NOUS INFOSYSTEMS.

 PROBLEM NO.:         1
 032 block CL V2
0DATA CHECKOUT RUN:              NO
 DATA SET LOCATED ON UNIT NO.:    2
 THIS UNIT TO BE REWOUND:        NO
 NO. OF DATA RECS IN DATA SET:      731
 NO. OF DATA ITEMS IN DATA SET:  19
 ID DATA ITEM IS DATA ITEM NO.:   2
 DEP VARIABLE IS DATA ITEM NO.:   8
 MDV DATA ITEM IS DATA ITEM NO.: 19
0INDICES PASSED TO SUBROUTINE PRED:
   5   4   7   0   0   0   6   0   0   0   0
0LABELS FOR DATA ITEMS:
 ROW ID NOMTIME TIME EVID CMT AMT DV FLAG STUDY BLQ CYCLE DOSE PART PROFDAY PROFTIME WEIGHTB eff0 MDV
0(NONBLANK) LABELS FOR PRED-DEFINED ITEMS:
 LTVKA LTVV2 LTVCL LTVV3 LTVQ KA V2 CL V3 Q IPRED Y
0FORMAT FOR DATA:
 (2(8E9.0/),2E9.0,1F2.0)

 TOT. NO. OF OBS RECS:      641
 TOT. NO. OF INDIVIDUALS:       90
0LENGTH OF THETA:   5
0DEFAULT THETA BOUNDARY TEST OMITTED:    NO
0OMEGA HAS BLOCK FORM:
  1
  0  2
  0  2  2
  0  0  0  3
  0  0  0  0  4
0DEFAULT OMEGA BOUNDARY TEST OMITTED:    NO
0SIGMA HAS BLOCK FORM:
  1
  0  2
0DEFAULT SIGMA BOUNDARY TEST OMITTED:    NO
0INITIAL ESTIMATE OF THETA:
   0.1000E+00  0.3000E+01  0.1000E+01  0.4000E+01 -0.1000E+01
0INITIAL ESTIMATE OF OMEGA:
 BLOCK SET NO.   BLOCK                                                                    FIXED
        1                                                                                  YES
                  0.0000E+00
        2                                                                                   NO
                  0.1000E+00
                  0.1000E-01   0.1000E+00
        3                                                                                  YES
                  0.0000E+00
        4                                                                                  YES
                  0.0000E+00
0INITIAL ESTIMATE OF SIGMA:
 BLOCK SET NO.   BLOCK                                                                    FIXED
        1                                                                                   NO
                  0.1000E+00
        2                                                                                  YES
                  0.0000E+00
0COVARIANCE STEP OMITTED:        NO
 EIGENVLS. PRINTED:             YES
 SPECIAL COMPUTATION:            NO
 COMPRESSED FORMAT:              NO
 GRADIENT METHOD USED:     NOSLOW
 SIGDIGITS ETAHAT (SIGLO):                  -1
 SIGDIGITS GRADIENTS (SIGL):                -1
 EXCLUDE COV FOR FOCE (NOFCOV):              NO
 Cholesky Transposition of R Matrix (CHOLROFF):0
 KNUTHSUMOFF:                                -1
 RESUME COV ANALYSIS (RESUME):               NO
 SIR SAMPLE SIZE (SIRSAMPLE):
 NON-LINEARLY TRANSFORM THETAS DURING COV (THBND): 1
 PRECONDTIONING CYCLES (PRECOND):        0
 PRECONDTIONING TYPES (PRECONDS):        TOS
 FORCED PRECONDTIONING CYCLES (PFCOND):0
 PRECONDTIONING TYPE (PRETYPE):        0
 FORCED POS. DEFINITE SETTING DURING PRECONDITIONING: (FPOSDEF):0
 SIMPLE POS. DEFINITE SETTING: (POSDEF):-1
0TABLES STEP OMITTED:    NO
 NO. OF TABLES:           2
 SEED NUMBER (SEED):    11456
 RANMETHOD:             3U
 MC SAMPLES (ESAMPLE):    300
 WRES SQUARE ROOT TYPE (WRESCHOL): EIGENVALUE
0-- TABLE   1 --
0RECORDS ONLY:    ALL
04 COLUMNS APPENDED:    YES
 PRINTED:                NO
 HEADER:                YES
 FILE TO BE FORWARDED:   NO
 FORMAT:                S1PE11.4
 IDFORMAT:
 LFORMAT:
 RFORMAT:
 FIXED_EFFECT_ETAS:
0USER-CHOSEN ITEMS:
 ROW LTVKA LTVV2 LTVV3 LTVCL LTVQ KA V2 V3 CL Q IPRED Y
0-- TABLE   2 --
0RECORDS ONLY:    ALL
04 COLUMNS APPENDED:    NO
 PRINTED:                NO
 HEADER:                YES
 FILE TO BE FORWARDED:   NO
 FORMAT:                S1PE11.4
 IDFORMAT:
 LFORMAT:
 RFORMAT:
 FIXED_EFFECT_ETAS:
0USER-CHOSEN ITEMS:
 ETA1 ETA2 ETA3 ETA4 ETA5
1DOUBLE PRECISION PREDPP VERSION 7.5.0

 TWO COMPARTMENT MODEL WITH FIRST-ORDER ABSORPTION (ADVAN4)
0MAXIMUM NO. OF BASIC PK PARAMETERS:   5
0BASIC PK PARAMETERS (AFTER TRANSLATION):
   BASIC PK PARAMETER NO.  1: ELIMINATION RATE (K)
   BASIC PK PARAMETER NO.  2: CENTRAL-TO-PERIPH. RATE (K23)
   BASIC PK PARAMETER NO.  3: PERIPH.-TO-CENTRAL RATE (K32)
   BASIC PK PARAMETER NO.  5: ABSORPTION RATE (KA)
 TRANSLATOR WILL CONVERT PARAMETERS
 CL, V2, Q, V3 TO K, K23, K32 (TRANS4)
0COMPARTMENT ATTRIBUTES
 COMPT. NO.   FUNCTION   INITIAL    ON/OFF      DOSE      DEFAULT    DEFAULT
                         STATUS     ALLOWED    ALLOWED    FOR DOSE   FOR OBS.
    1         DEPOT        OFF        YES        YES        YES        NO
    2         CENTRAL      ON         NO         YES        NO         YES
    3         PERIPH.      ON         NO         YES        NO         NO
    4         OUTPUT       OFF        YES        NO         NO         NO
1
 ADDITIONAL PK PARAMETERS - ASSIGNMENT OF ROWS IN GG
 COMPT. NO.                             INDICES
              SCALE      BIOAVAIL.   ZERO-ORDER  ZERO-ORDER  ABSORB
                         FRACTION    RATE        DURATION    LAG
    1            *           *           *           *           *
    2            6           *           *           *           *
    3            *           *           *           *           *
    4            *           -           -           -           -
             - PARAMETER IS NOT ALLOWED FOR THIS MODEL
             * PARAMETER IS NOT SUPPLIED BY PK SUBROUTINE;
               WILL DEFAULT TO ONE IF APPLICABLE
0DATA ITEM INDICES USED BY PRED ARE:
   EVENT ID DATA ITEM IS DATA ITEM NO.:      5
   TIME DATA ITEM IS DATA ITEM NO.:          4
   DOSE AMOUNT DATA ITEM IS DATA ITEM NO.:   7
   COMPT. NO. DATA ITEM IS DATA ITEM NO.:    6

0PK SUBROUTINE CALLED WITH EVERY EVENT RECORD.
 PK SUBROUTINE NOT CALLED AT NONEVENT (ADDITIONAL OR LAGGED) DOSE TIMES.
0ERROR SUBROUTINE CALLED WITH EVERY EVENT RECORD.

 #PARA: PARAFILE=/data/home/philipde/wdirs/NMsim/inst/examples/nonmem/xgxr033.pnm, PROTOCOL=MPI, NODES= 72

1


 #TBLN:      1
 #METH: Stochastic Approximation Expectation-Maximization

 ESTIMATION STEP OMITTED:                 NO
 ANALYSIS TYPE:                           POPULATION
 NUMBER OF SADDLE POINT RESET ITERATIONS:      0
 GRADIENT METHOD USED:               NOSLOW
 CONDITIONAL ESTIMATES USED:              YES
 CENTERED ETA:                            NO
 EPS-ETA INTERACTION:                     YES
 LAPLACIAN OBJ. FUNC.:                    NO
 NO. OF FUNCT. EVALS. ALLOWED:            99999
 NO. OF SIG. FIGURES REQUIRED:            3
 INTERMEDIATE PRINTOUT:                   YES
 ESTIMATE OUTPUT TO MSF:                  YES
 ABORT WITH PRED EXIT CODE 1:             NO
 IND. OBJ. FUNC. VALUES SORTED:           NO
 NUMERICAL DERIVATIVE
       FILE REQUEST (NUMDER):               NONE
 MAP (ETAHAT) ESTIMATION METHOD (OPTMAP):   0
 ETA HESSIAN EVALUATION METHOD (ETADER):    0
 INITIAL ETA FOR MAP ESTIMATION (MCETA):    0
 SIGDIGITS FOR MAP ESTIMATION (SIGLO):      100
 GRADIENT SIGDIGITS OF
       FIXED EFFECTS PARAMETERS (SIGL):     100
 NOPRIOR SETTING (NOPRIOR):                 0
 NOCOV SETTING (NOCOV):                     OFF
 DERCONT SETTING (DERCONT):                 OFF
 FINAL ETA RE-EVALUATION (FNLETA):          1
 EXCLUDE NON-INFLUENTIAL (NON-INFL.) ETAS
       IN SHRINKAGE (ETASTYPE):             NO
 NON-INFL. ETA CORRECTION (NONINFETA):      0
 RAW OUTPUT FILE (FILE): psn.ext
 EXCLUDE TITLE (NOTITLE):                   NO
 EXCLUDE COLUMN LABELS (NOLABEL):           NO
 FORMAT FOR ADDITIONAL FILES (FORMAT):      S1PE12.5
 PARAMETER ORDER FOR OUTPUTS (ORDER):       TSOL
 KNUTHSUMOFF:                               0
 INCLUDE LNTWOPI:                           NO
 INCLUDE CONSTANT TERM TO PRIOR (PRIORC):   NO
 INCLUDE CONSTANT TERM TO OMEGA (ETA) (OLNTWOPI):NO
 EM OR BAYESIAN METHOD USED:                STOCHASTIC APPROXIMATION EXPECTATION MAXIMIZATION (SAEM)
 MU MODELING PATTERN (MUM):
 GRADIENT/GIBBS PATTERN (GRD):
 AUTOMATIC SETTING FEATURE (AUTO):          0
 CONVERGENCE TYPE (CTYPE):                  3
 CONVERGENCE INTERVAL (CINTERVAL):          10
 CONVERGENCE ITERATIONS (CITER):            10
 CONVERGENCE ALPHA ERROR (CALPHA):          5.000000000000000E-02
 BURN-IN ITERATIONS (NBURN):                1000
 FIRST ITERATION FOR MAP (MAPITERS):          NO
 ITERATIONS (NITER):                        1000
 ANNEAL SETTING (CONSTRAIN):                 1
 STARTING SEED FOR MC METHODS (SEED):       3442
 MC SAMPLES PER SUBJECT (ISAMPLE):          2
 RANDOM SAMPLING METHOD (RANMETHOD):        3UP
 EXPECTATION ONLY (EONLY):                  0
 PROPOSAL DENSITY SCALING RANGE
              (ISCALE_MIN, ISCALE_MAX):     1.000000000000000E-06   ,1000000.00000000
 SAMPLE ACCEPTANCE RATE (IACCEPT):          0.400000000000000
 METROPOLIS HASTINGS SAMPLING FOR INDIVIDUAL ETAS:
 SAMPLES FOR GLOBAL SEARCH KERNEL (ISAMPLE_M1):          2
 SAMPLES FOR NEIGHBOR SEARCH KERNEL (ISAMPLE_M1A):       0
 SAMPLES FOR MASS/IMP/POST. MATRIX SEARCH (ISAMPLE_M1B): 2
 SAMPLES FOR LOCAL SEARCH KERNEL (ISAMPLE_M2):           2
 SAMPLES FOR LOCAL UNIVARIATE KERNEL (ISAMPLE_M3):       2
 PWR. WT. MASS/IMP/POST MATRIX ACCUM. FOR ETAS (IKAPPA): 1.00000000000000
 MASS/IMP./POST. MATRIX REFRESH SETTING (MASSRESET):      -1


 THE FOLLOWING LABELS ARE EQUIVALENT
 PRED=PREDI
 RES=RESI
 WRES=WRESI
 IWRS=IWRESI
 IPRD=IPREDI
 IRS=IRESI

 EM/BAYES SETUP:
 THETAS THAT ARE MU MODELED:
   2   3
 THETAS THAT ARE SIGMA-LIKE:
 

 MONITORING OF SEARCH:

 Stochastic/Burn-in Mode
 iteration        -1000  SAEMOBJ=   933.39198796984510
 iteration         -990  SAEMOBJ=  -1966.8819608691756
 iteration         -980  SAEMOBJ=  -2246.6935366135631
 iteration         -970  SAEMOBJ=  -2218.9977422633342
 iteration         -960  SAEMOBJ=  -2272.8013331170960
 iteration         -950  SAEMOBJ=  -2249.0395858063675
 iteration         -940  SAEMOBJ=  -2252.9278543633604
 iteration         -930  SAEMOBJ=  -2251.6626479319862
 iteration         -920  SAEMOBJ=  -2244.3002962448463
 iteration         -910  SAEMOBJ=  -2252.5785178830174
 iteration         -900  SAEMOBJ=  -2266.0528736814363
 iteration         -890  SAEMOBJ=  -2244.7238077865841
 Convergence achieved
 Reduced Stochastic/Accumulation Mode
 iteration            0  SAEMOBJ=  -2264.9783819640606
 iteration           10  SAEMOBJ=  -2275.4151879786800
 iteration           20  SAEMOBJ=  -2276.6801280718491
 iteration           30  SAEMOBJ=  -2277.7259079825326
 iteration           40  SAEMOBJ=  -2277.4592126552648
 iteration           50  SAEMOBJ=  -2276.9086233891321
 iteration           60  SAEMOBJ=  -2277.7538744824683
 iteration           70  SAEMOBJ=  -2277.3979946622439
 iteration           80  SAEMOBJ=  -2277.7989429019631
 iteration           90  SAEMOBJ=  -2277.3845481382036
 iteration          100  SAEMOBJ=  -2277.7239994079341
 iteration          110  SAEMOBJ=  -2278.0336790713209
 iteration          120  SAEMOBJ=  -2278.2000723285646
 iteration          130  SAEMOBJ=  -2278.1613096141996
 iteration          140  SAEMOBJ=  -2278.2077724672586
 iteration          150  SAEMOBJ=  -2278.3467995571359
 iteration          160  SAEMOBJ=  -2278.5147731898337
 iteration          170  SAEMOBJ=  -2278.4631950685157
 iteration          180  SAEMOBJ=  -2278.3037145651847
 iteration          190  SAEMOBJ=  -2278.3272491589437
 iteration          200  SAEMOBJ=  -2278.1757628244413
 iteration          210  SAEMOBJ=  -2278.2796402218523
 iteration          220  SAEMOBJ=  -2278.2129898386233
 iteration          230  SAEMOBJ=  -2278.2215077868209
 iteration          240  SAEMOBJ=  -2278.2139732776627
 iteration          250  SAEMOBJ=  -2278.2301313169755
 iteration          260  SAEMOBJ=  -2278.2153897180942
 iteration          270  SAEMOBJ=  -2278.2500165479341
 iteration          280  SAEMOBJ=  -2278.1107209017700
 iteration          290  SAEMOBJ=  -2278.0890846080561
 iteration          300  SAEMOBJ=  -2278.1354202050552
 iteration          310  SAEMOBJ=  -2278.0888577689625
 iteration          320  SAEMOBJ=  -2277.9855891812454
 iteration          330  SAEMOBJ=  -2278.0605870933850
 iteration          340  SAEMOBJ=  -2278.0013575520561
 iteration          350  SAEMOBJ=  -2277.8887664310569
 iteration          360  SAEMOBJ=  -2277.9842074691687
 iteration          370  SAEMOBJ=  -2277.9656829344585
 iteration          380  SAEMOBJ=  -2277.9977491022710
 iteration          390  SAEMOBJ=  -2277.9808368043241
 iteration          400  SAEMOBJ=  -2278.0492166370495
 iteration          410  SAEMOBJ=  -2277.9209099132804
 iteration          420  SAEMOBJ=  -2278.0496700538852
 iteration          430  SAEMOBJ=  -2278.0422688133822
 iteration          440  SAEMOBJ=  -2278.1022118608657
 iteration          450  SAEMOBJ=  -2278.1804882999854
 iteration          460  SAEMOBJ=  -2278.1330406055727
 iteration          470  SAEMOBJ=  -2278.1571877085198
 iteration          480  SAEMOBJ=  -2278.2198417071768
 iteration          490  SAEMOBJ=  -2278.2818703388407
 iteration          500  SAEMOBJ=  -2278.2802330888644
 iteration          510  SAEMOBJ=  -2278.3357579852345
 iteration          520  SAEMOBJ=  -2278.3102578418352
 iteration          530  SAEMOBJ=  -2278.3157668559870
 iteration          540  SAEMOBJ=  -2278.3259140208434
 iteration          550  SAEMOBJ=  -2278.3890578020523
 iteration          560  SAEMOBJ=  -2278.4421690433155
 iteration          570  SAEMOBJ=  -2278.3978561016497
 iteration          580  SAEMOBJ=  -2278.3386734830619
 iteration          590  SAEMOBJ=  -2278.3849937814789
 iteration          600  SAEMOBJ=  -2278.4828442579114
 iteration          610  SAEMOBJ=  -2278.5339752054911
 iteration          620  SAEMOBJ=  -2278.5628393849993
 iteration          630  SAEMOBJ=  -2278.6169779236407
 iteration          640  SAEMOBJ=  -2278.6147755721786
 iteration          650  SAEMOBJ=  -2278.7328144280800
 iteration          660  SAEMOBJ=  -2278.7508200414727
 iteration          670  SAEMOBJ=  -2278.7434346772552
 iteration          680  SAEMOBJ=  -2278.7406891707310
 iteration          690  SAEMOBJ=  -2278.7391902048626
 iteration          700  SAEMOBJ=  -2278.7164538767979
 iteration          710  SAEMOBJ=  -2278.6808833372238
 iteration          720  SAEMOBJ=  -2278.6694421900352
 iteration          730  SAEMOBJ=  -2278.6174707952632
 iteration          740  SAEMOBJ=  -2278.5640118478937
 iteration          750  SAEMOBJ=  -2278.5819296998216
 iteration          760  SAEMOBJ=  -2278.5988562439807
 iteration          770  SAEMOBJ=  -2278.6137863353329
 iteration          780  SAEMOBJ=  -2278.6295578678996
 iteration          790  SAEMOBJ=  -2278.6644925255077
 iteration          800  SAEMOBJ=  -2278.6927393938904
 iteration          810  SAEMOBJ=  -2278.7307787404311
 iteration          820  SAEMOBJ=  -2278.6875112874409
 iteration          830  SAEMOBJ=  -2278.6762539191618
 iteration          840  SAEMOBJ=  -2278.6339118978403
 iteration          850  SAEMOBJ=  -2278.6184911384894
 iteration          860  SAEMOBJ=  -2278.6649937198272
 iteration          870  SAEMOBJ=  -2278.6210509101343
 iteration          880  SAEMOBJ=  -2278.5825857784807
 iteration          890  SAEMOBJ=  -2278.5196308432669
 iteration          900  SAEMOBJ=  -2278.5270426161665
 iteration          910  SAEMOBJ=  -2278.5712844834770
 iteration          920  SAEMOBJ=  -2278.5982289795820
 iteration          930  SAEMOBJ=  -2278.6552717971535
 iteration          940  SAEMOBJ=  -2278.7057788340362
 iteration          950  SAEMOBJ=  -2278.6812636557956
 iteration          960  SAEMOBJ=  -2278.6842605047323
 iteration          970  SAEMOBJ=  -2278.6595120013440
 iteration          980  SAEMOBJ=  -2278.6367954049056
 iteration          990  SAEMOBJ=  -2278.6407418471845
 iteration         1000  SAEMOBJ=  -2278.7014336492775

 #TERM:
 STOCHASTIC PORTION WAS COMPLETED
 REDUCED STOCHASTIC PORTION WAS COMPLETED

 ETABAR IS THE ARITHMETIC MEAN OF THE ETA-ESTIMATES,
 AND THE P-VALUE IS GIVEN FOR THE NULL HYPOTHESIS THAT THE TRUE MEAN IS 0.

 ETABAR:         0.0000E+00 -3.3434E-06  1.4918E-05  0.0000E+00  0.0000E+00
 SE:             0.0000E+00  4.0724E-02  5.1281E-02  0.0000E+00  0.0000E+00
 N:                       0          90          90           0           0

 P VAL.:         1.0000E+00  9.9993E-01  9.9977E-01  1.0000E+00  1.0000E+00

 ETASHRINKSD(%)  0.0000E+00  7.2583E+00  9.6279E+00  0.0000E+00  0.0000E+00
 ETASHRINKVR(%)  0.0000E+00  1.3990E+01  1.8329E+01  0.0000E+00  0.0000E+00
 EBVSHRINKSD(%)  0.0000E+00  7.2551E+00  9.6326E+00  0.0000E+00  0.0000E+00
 EBVSHRINKVR(%)  0.0000E+00  1.3984E+01  1.8337E+01  0.0000E+00  0.0000E+00
 RELATIVEINF(%)  0.0000E+00  0.0000E+00  0.0000E+00  0.0000E+00  0.0000E+00
 EPSSHRINKSD(%)  1.2209E+01  1.0000E+02
 EPSSHRINKVR(%)  2.2928E+01  1.0000E+02

  
 TOTAL DATA POINTS NORMALLY DISTRIBUTED (N):          641
 N*LOG(2PI) CONSTANT TO OBJECTIVE FUNCTION:    1178.0791995683903     
 OBJECTIVE FUNCTION VALUE WITHOUT CONSTANT:   -2278.7014336492775     
 OBJECTIVE FUNCTION VALUE WITH CONSTANT:      -1100.6222340808872     
 REPORTED OBJECTIVE FUNCTION DOES NOT CONTAIN CONSTANT
  
 TOTAL EFFECTIVE ETAS (NIND*NETA):                           180
 NIND*NETA*LOG(2PI) CONSTANT TO OBJECTIVE FUNCTION:    330.81787195368219     
 OBJECTIVE FUNCTION VALUE WITHOUT CONSTANT:   -2278.7014336492775     
 OBJECTIVE FUNCTION VALUE WITH CONSTANT:      -1947.8835616955953     
 REPORTED OBJECTIVE FUNCTION DOES NOT CONTAIN CONSTANT
  
 #TERE:
 Elapsed estimation  time in seconds:    16.95
 Elapsed covariance  time in seconds:     0.05
1
 
 
 
 
 
 
 
 
 
 
 
 
 
 
 
 
 
 
 
 
 ************************************************************************************************************************
 ********************                                                                                ********************
 ********************                STOCHASTIC APPROXIMATION EXPECTATION-MAXIMIZATION               ********************
 #OBJT:**************                        FINAL VALUE OF LIKELIHOOD FUNCTION                      ********************
 ********************                                                                                ********************
 ************************************************************************************************************************
 





 #OBJV:********************************************    -2278.701       **************************************************
1
 ************************************************************************************************************************
 ********************                                                                                ********************
 ********************                STOCHASTIC APPROXIMATION EXPECTATION-MAXIMIZATION               ********************
 ********************                             FINAL PARAMETER ESTIMATE                           ********************
 ********************                                                                                ********************
 ************************************************************************************************************************
 


 THETA - VECTOR OF FIXED EFFECTS PARAMETERS   *********


         TH 1      TH 2      TH 3      TH 4      TH 5     
 
         8.05E-01  4.32E+00  2.51E+00  5.22E+00  2.17E+00
 


 OMEGA - COV MATRIX FOR RANDOM EFFECTS - ETAS  ********


         ETA1      ETA2      ETA3      ETA4      ETA5     
 
 ETA1
+        0.00E+00
 
 ETA2
+        0.00E+00  1.75E-01
 
 ETA3
+        0.00E+00 -3.07E-02  2.93E-01
 
 ETA4
+        0.00E+00  0.00E+00  0.00E+00  0.00E+00
 
 ETA5
+        0.00E+00  0.00E+00  0.00E+00  0.00E+00  0.00E+00
 


 SIGMA - COV MATRIX FOR RANDOM EFFECTS - EPSILONS  ****


         EPS1      EPS2     
 
 EPS1
+        8.09E-02
 
 EPS2
+        0.00E+00  0.00E+00
 
1


 OMEGA - CORR MATRIX FOR RANDOM EFFECTS - ETAS  *******


         ETA1      ETA2      ETA3      ETA4      ETA5     
 
 ETA1
+        0.00E+00
 
 ETA2
+        0.00E+00  4.19E-01
 
 ETA3
+        0.00E+00 -1.35E-01  5.41E-01
 
 ETA4
+        0.00E+00  0.00E+00  0.00E+00  0.00E+00
 
 ETA5
+        0.00E+00  0.00E+00  0.00E+00  0.00E+00  0.00E+00
 


 SIGMA - CORR MATRIX FOR RANDOM EFFECTS - EPSILONS  ***


         EPS1      EPS2     
 
 EPS1
+        2.84E-01
 
 EPS2
+        0.00E+00  0.00E+00
 
1
 ************************************************************************************************************************
 ********************                                                                                ********************
 ********************                STOCHASTIC APPROXIMATION EXPECTATION-MAXIMIZATION               ********************
 ********************                          STANDARD ERROR OF ESTIMATE (S)                        ********************
 ********************                                                                                ********************
 ************************************************************************************************************************
 


 THETA - VECTOR OF FIXED EFFECTS PARAMETERS   *********


         TH 1      TH 2      TH 3      TH 4      TH 5     
 
         5.22E-02  5.52E-02  1.40E-01  3.90E-01  1.28E-01
 


 OMEGA - COV MATRIX FOR RANDOM EFFECTS - ETAS  ********


         ETA1      ETA2      ETA3      ETA4      ETA5     
 
 ETA1
+        0.00E+00
 
 ETA2
+        0.00E+00  3.11E-02
 
 ETA3
+        0.00E+00  3.85E-02  1.09E-01
 
 ETA4
+        0.00E+00  0.00E+00  0.00E+00  0.00E+00
 
 ETA5
+        0.00E+00  0.00E+00  0.00E+00  0.00E+00  0.00E+00
 


 SIGMA - COV MATRIX FOR RANDOM EFFECTS - EPSILONS  ****


         EPS1      EPS2     
 
 EPS1
+        6.02E-03
 
 EPS2
+        0.00E+00  0.00E+00
 
1


 OMEGA - CORR MATRIX FOR RANDOM EFFECTS - ETAS  *******


         ETA1      ETA2      ETA3      ETA4      ETA5     
 
 ETA1
+       .........
 
 ETA2
+       .........  3.71E-02
 
 ETA3
+       .........  1.63E-01  1.01E-01
 
 ETA4
+       ......... ......... ......... .........
 
 ETA5
+       ......... ......... ......... ......... .........
 


 SIGMA - CORR MATRIX FOR RANDOM EFFECTS - EPSILONS  ***


         EPS1      EPS2     
 
 EPS1
+        1.06E-02
 
 EPS2
+       ......... .........
 
1
 ************************************************************************************************************************
 ********************                                                                                ********************
 ********************                STOCHASTIC APPROXIMATION EXPECTATION-MAXIMIZATION               ********************
 ********************                        COVARIANCE MATRIX OF ESTIMATE (S)                       ********************
 ********************                                                                                ********************
 ************************************************************************************************************************
 

            TH 1      TH 2      TH 3      TH 4      TH 5      OM11      OM12      OM13      OM14      OM15      OM22      OM23  
             OM24      OM25      OM33      OM34      OM35      OM44      OM45      OM55      SG11      SG12      SG22  
 
 TH 1
+        2.73E-03
 
 TH 2
+        1.27E-03  3.05E-03
 
 TH 3
+       -1.96E-03 -1.55E-03  1.96E-02
 
 TH 4
+        6.45E-03  3.95E-03 -4.76E-02  1.52E-01
 
 TH 5
+        1.74E-03  9.06E-04 -1.56E-02  4.73E-02  1.64E-02
 
 OM11
+       ......... ......... ......... ......... ......... .........
 
 OM12
+       ......... ......... ......... ......... ......... ......... .........
 
 OM13
+       ......... ......... ......... ......... ......... ......... ......... .........
 
 OM14
+       ......... ......... ......... ......... ......... ......... ......... ......... .........
 
 OM15
+       ......... ......... ......... ......... ......... ......... ......... ......... ......... .........
 
 OM22
+       -7.41E-05  2.46E-04 -1.00E-04  3.10E-04  1.20E-04  0.00E+00  0.00E+00  0.00E+00  0.00E+00  0.00E+00  9.68E-04
 
 OM23
+       -4.22E-04 -1.92E-04  1.03E-03 -4.02E-03 -1.31E-03  0.00E+00  0.00E+00  0.00E+00  0.00E+00  0.00E+00 -2.27E-04  1.48E-03
 
 OM24
+       ......... ......... ......... ......... ......... ......... ......... ......... ......... ......... ......... .........
         .........
 
 OM25
+       ......... ......... ......... ......... ......... ......... ......... ......... ......... ......... ......... .........
         ......... .........
 
 OM33
+        1.86E-03  8.38E-04 -1.11E-02  3.70E-02  1.15E-02  0.00E+00  0.00E+00  0.00E+00  0.00E+00  0.00E+00  3.26E-04 -1.09E-03
          0.00E+00  0.00E+00  1.20E-02
 
 OM34
+       ......... ......... ......... ......... ......... ......... ......... ......... ......... ......... ......... .........
         ......... ......... ......... .........
 
 OM35
+       ......... ......... ......... ......... ......... ......... ......... ......... ......... ......... ......... .........
         ......... ......... ......... ......... .........
 
 OM44
+       ......... ......... ......... ......... ......... ......... ......... ......... ......... ......... ......... .........
         ......... ......... ......... ......... ......... .........
 
 OM45
+       ......... ......... ......... ......... ......... ......... ......... ......... ......... ......... ......... .........
         ......... ......... ......... ......... ......... ......... .........
 
1

            TH 1      TH 2      TH 3      TH 4      TH 5      OM11      OM12      OM13      OM14      OM15      OM22      OM23  
             OM24      OM25      OM33      OM34      OM35      OM44      OM45      OM55      SG11      SG12      SG22  
 
 OM55
+       ......... ......... ......... ......... ......... ......... ......... ......... ......... ......... ......... .........
         ......... ......... ......... ......... ......... ......... ......... .........
 
 SG11
+       -3.04E-05 -3.76E-05  2.62E-05 -6.39E-05  6.45E-05  0.00E+00  0.00E+00  0.00E+00  0.00E+00  0.00E+00 -1.51E-05 -1.11E-05
          0.00E+00  0.00E+00 -9.00E-05  0.00E+00  0.00E+00  0.00E+00  0.00E+00  0.00E+00  3.62E-05
 
 SG12
+       ......... ......... ......... ......... ......... ......... ......... ......... ......... ......... ......... .........
         ......... ......... ......... ......... ......... ......... ......... ......... ......... .........
 
 SG22
+       ......... ......... ......... ......... ......... ......... ......... ......... ......... ......... ......... .........
         ......... ......... ......... ......... ......... ......... ......... ......... ......... ......... .........
 
1
 ************************************************************************************************************************
 ********************                                                                                ********************
 ********************                STOCHASTIC APPROXIMATION EXPECTATION-MAXIMIZATION               ********************
 ********************                        CORRELATION MATRIX OF ESTIMATE (S)                      ********************
 ********************                                                                                ********************
 ************************************************************************************************************************
 

            TH 1      TH 2      TH 3      TH 4      TH 5      OM11      OM12      OM13      OM14      OM15      OM22      OM23  
             OM24      OM25      OM33      OM34      OM35      OM44      OM45      OM55      SG11      SG12      SG22  
 
 TH 1
+        5.22E-02
 
 TH 2
+        4.41E-01  5.52E-02
 
 TH 3
+       -2.68E-01 -2.01E-01  1.40E-01
 
 TH 4
+        3.17E-01  1.84E-01 -8.73E-01  3.90E-01
 
 TH 5
+        2.60E-01  1.28E-01 -8.71E-01  9.46E-01  1.28E-01
 
 OM11
+       ......... ......... ......... ......... ......... .........
 
 OM12
+       ......... ......... ......... ......... ......... ......... .........
 
 OM13
+       ......... ......... ......... ......... ......... ......... ......... .........
 
 OM14
+       ......... ......... ......... ......... ......... ......... ......... ......... .........
 
 OM15
+       ......... ......... ......... ......... ......... ......... ......... ......... ......... .........
 
 OM22
+       -4.56E-02  1.43E-01 -2.30E-02  2.56E-02  3.00E-02  0.00E+00  0.00E+00  0.00E+00  0.00E+00  0.00E+00  3.11E-02
 
 OM23
+       -2.10E-01 -9.06E-02  1.91E-01 -2.68E-01 -2.66E-01  0.00E+00  0.00E+00  0.00E+00  0.00E+00  0.00E+00 -1.90E-01  3.85E-02
 
 OM24
+       ......... ......... ......... ......... ......... ......... ......... ......... ......... ......... ......... .........
         .........
 
 OM25
+       ......... ......... ......... ......... ......... ......... ......... ......... ......... ......... ......... .........
         ......... .........
 
 OM33
+        3.26E-01  1.39E-01 -7.26E-01  8.67E-01  8.22E-01  0.00E+00  0.00E+00  0.00E+00  0.00E+00  0.00E+00  9.59E-02 -2.58E-01
          0.00E+00  0.00E+00  1.09E-01
 
 OM34
+       ......... ......... ......... ......... ......... ......... ......... ......... ......... ......... ......... .........
         ......... ......... ......... .........
 
 OM35
+       ......... ......... ......... ......... ......... ......... ......... ......... ......... ......... ......... .........
         ......... ......... ......... ......... .........
 
 OM44
+       ......... ......... ......... ......... ......... ......... ......... ......... ......... ......... ......... .........
         ......... ......... ......... ......... ......... .........
 
 OM45
+       ......... ......... ......... ......... ......... ......... ......... ......... ......... ......... ......... .........
         ......... ......... ......... ......... ......... ......... .........
 
1

            TH 1      TH 2      TH 3      TH 4      TH 5      OM11      OM12      OM13      OM14      OM15      OM22      OM23  
             OM24      OM25      OM33      OM34      OM35      OM44      OM45      OM55      SG11      SG12      SG22  
 
 OM55
+       ......... ......... ......... ......... ......... ......... ......... ......... ......... ......... ......... .........
         ......... ......... ......... ......... ......... ......... ......... .........
 
 SG11
+       -9.68E-02 -1.13E-01  3.12E-02 -2.72E-02  8.35E-02  0.00E+00  0.00E+00  0.00E+00  0.00E+00  0.00E+00 -8.07E-02 -4.81E-02
          0.00E+00  0.00E+00 -1.37E-01  0.00E+00  0.00E+00  0.00E+00  0.00E+00  0.00E+00  6.02E-03
 
 SG12
+       ......... ......... ......... ......... ......... ......... ......... ......... ......... ......... ......... .........
         ......... ......... ......... ......... ......... ......... ......... ......... ......... .........
 
 SG22
+       ......... ......... ......... ......... ......... ......... ......... ......... ......... ......... ......... .........
         ......... ......... ......... ......... ......... ......... ......... ......... ......... ......... .........
 
1
 ************************************************************************************************************************
 ********************                                                                                ********************
 ********************                STOCHASTIC APPROXIMATION EXPECTATION-MAXIMIZATION               ********************
 ********************                    INVERSE COVARIANCE MATRIX OF ESTIMATE (S)                   ********************
 ********************                                                                                ********************
 ************************************************************************************************************************
 

            TH 1      TH 2      TH 3      TH 4      TH 5      OM11      OM12      OM13      OM14      OM15      OM22      OM23  
             OM24      OM25      OM33      OM34      OM35      OM44      OM45      OM55      SG11      SG12      SG22  
 
 TH 1
+        5.27E+02
 
 TH 2
+       -2.03E+02  4.41E+02
 
 TH 3
+       -1.38E+00  3.70E+01  2.51E+02
 
 TH 4
+       -1.16E+01 -2.18E+01  4.47E+01  9.61E+01
 
 TH 5
+        4.11E+01  6.12E+01  1.48E+02 -1.73E+02  7.54E+02
 
 OM11
+       ......... ......... ......... ......... ......... .........
 
 OM12
+       ......... ......... ......... ......... ......... ......... .........
 
 OM13
+       ......... ......... ......... ......... ......... ......... ......... .........
 
 OM14
+       ......... ......... ......... ......... ......... ......... ......... ......... .........
 
 OM15
+       ......... ......... ......... ......... ......... ......... ......... ......... ......... .........
 
 OM22
+        1.38E+02 -1.42E+02  3.98E+00  3.53E+01 -2.82E+01  0.00E+00  0.00E+00  0.00E+00  0.00E+00  0.00E+00  1.16E+03
 
 OM23
+        1.03E+02 -1.72E+01  4.39E+01  1.63E+01  4.37E+01  0.00E+00  0.00E+00  0.00E+00  0.00E+00  0.00E+00  1.95E+02  7.90E+02
 
 OM24
+       ......... ......... ......... ......... ......... ......... ......... ......... ......... ......... ......... .........
         .........
 
 OM25
+       ......... ......... ......... ......... ......... ......... ......... ......... ......... ......... ......... .........
         ......... .........
 
 OM33
+       -6.69E+01  4.71E+01 -4.94E+01 -8.34E+01 -7.51E+01  0.00E+00  0.00E+00  0.00E+00  0.00E+00  0.00E+00 -1.01E+02  2.21E+00
          0.00E+00  0.00E+00  3.85E+02
 
 OM34
+       ......... ......... ......... ......... ......... ......... ......... ......... ......... ......... ......... .........
         ......... ......... ......... .........
 
 OM35
+       ......... ......... ......... ......... ......... ......... ......... ......... ......... ......... ......... .........
         ......... ......... ......... ......... .........
 
 OM44
+       ......... ......... ......... ......... ......... ......... ......... ......... ......... ......... ......... .........
         ......... ......... ......... ......... ......... .........
 
 OM45
+       ......... ......... ......... ......... ......... ......... ......... ......... ......... ......... ......... .........
         ......... ......... ......... ......... ......... ......... .........
 
1

            TH 1      TH 2      TH 3      TH 4      TH 5      OM11      OM12      OM13      OM14      OM15      OM22      OM23  
             OM24      OM25      OM33      OM34      OM35      OM44      OM45      OM55      SG11      SG12      SG22  
 
 OM55
+       ......... ......... ......... ......... ......... ......... ......... ......... ......... ......... ......... .........
         ......... ......... ......... ......... ......... ......... ......... .........
 
 SG11
+        6.23E+01  1.65E+02 -4.36E+02  2.25E+02 -1.84E+03  0.00E+00  0.00E+00  0.00E+00  0.00E+00  0.00E+00  3.71E+02  3.17E+02
          0.00E+00  0.00E+00  9.30E+02  0.00E+00  0.00E+00  0.00E+00  0.00E+00  0.00E+00  3.44E+04
 
 SG12
+       ......... ......... ......... ......... ......... ......... ......... ......... ......... ......... ......... .........
         ......... ......... ......... ......... ......... ......... ......... ......... ......... .........
 
 SG22
+       ......... ......... ......... ......... ......... ......... ......... ......... ......... ......... ......... .........
         ......... ......... ......... ......... ......... ......... ......... ......... ......... ......... .........
 
1
 
 
 
 
 
 
 
 
 
 
 
 
 
 
 
 
 
 
 
 
 ************************************************************************************************************************
 ********************                                                                                ********************
 ********************                STOCHASTIC APPROXIMATION EXPECTATION-MAXIMIZATION               ********************
 ********************                    EIGENVALUES OF COR MATRIX OF ESTIMATE (S)                   ********************
 ********************                                                                                ********************
 ************************************************************************************************************************
 

             1         2         3         4         5         6         7         8         9
 
         4.43E-02  9.97E-02  2.47E-01  4.90E-01  7.86E-01  1.01E+00  1.10E+00  1.36E+00  3.85E+00
 
1


 #TBLN:      2
 #METH: Objective Function Evaluation by Importance Sampling

 ESTIMATION STEP OMITTED:                 NO
 ANALYSIS TYPE:                           POPULATION
 NUMBER OF SADDLE POINT RESET ITERATIONS:      0
 GRADIENT METHOD USED:               NOSLOW
 CONDITIONAL ESTIMATES USED:              YES
 CENTERED ETA:                            NO
 EPS-ETA INTERACTION:                     YES
 LAPLACIAN OBJ. FUNC.:                    NO
 NO. OF FUNCT. EVALS. ALLOWED:            99999
 NO. OF SIG. FIGURES REQUIRED:            3
 INTERMEDIATE PRINTOUT:                   YES
 ESTIMATE OUTPUT TO MSF:                  YES
 ABORT WITH PRED EXIT CODE 1:             NO
 IND. OBJ. FUNC. VALUES SORTED:           NO
 NUMERICAL DERIVATIVE
       FILE REQUEST (NUMDER):               NONE
 MAP (ETAHAT) ESTIMATION METHOD (OPTMAP):   0
 ETA HESSIAN EVALUATION METHOD (ETADER):    0
 INITIAL ETA FOR MAP ESTIMATION (MCETA):    0
 SIGDIGITS FOR MAP ESTIMATION (SIGLO):      100
 GRADIENT SIGDIGITS OF
       FIXED EFFECTS PARAMETERS (SIGL):     100
 NOPRIOR SETTING (NOPRIOR):                 0
 NOCOV SETTING (NOCOV):                     OFF
 DERCONT SETTING (DERCONT):                 OFF
 FINAL ETA RE-EVALUATION (FNLETA):          1
 EXCLUDE NON-INFLUENTIAL (NON-INFL.) ETAS
       IN SHRINKAGE (ETASTYPE):             NO
 NON-INFL. ETA CORRECTION (NONINFETA):      0
 RAW OUTPUT FILE (FILE): psn.ext
 EXCLUDE TITLE (NOTITLE):                   NO
 EXCLUDE COLUMN LABELS (NOLABEL):           NO
 FORMAT FOR ADDITIONAL FILES (FORMAT):      S1PE12.5
 PARAMETER ORDER FOR OUTPUTS (ORDER):       TSOL
 KNUTHSUMOFF:                               0
 INCLUDE LNTWOPI:                           NO
 INCLUDE CONSTANT TERM TO PRIOR (PRIORC):   NO
 INCLUDE CONSTANT TERM TO OMEGA (ETA) (OLNTWOPI):NO
 EM OR BAYESIAN METHOD USED:                IMPORTANCE SAMPLING (IMP)
 MU MODELING PATTERN (MUM):
 GRADIENT/GIBBS PATTERN (GRD):
 AUTOMATIC SETTING FEATURE (AUTO):          0
 CONVERGENCE TYPE (CTYPE):                  3
 CONVERGENCE INTERVAL (CINTERVAL):          1
 CONVERGENCE ITERATIONS (CITER):            10
 CONVERGENCE ALPHA ERROR (CALPHA):          5.000000000000000E-02
 ITERATIONS (NITER):                        20
 ANNEAL SETTING (CONSTRAIN):                 1
 STARTING SEED FOR MC METHODS (SEED):       3442
 MC SAMPLES PER SUBJECT (ISAMPLE):          5000
 RANDOM SAMPLING METHOD (RANMETHOD):        3UP
 EXPECTATION ONLY (EONLY):                  1
 PROPOSAL DENSITY SCALING RANGE
              (ISCALE_MIN, ISCALE_MAX):     0.100000000000000       ,10.0000000000000
 SAMPLE ACCEPTANCE RATE (IACCEPT):          0.400000000000000
 LONG TAIL SAMPLE ACCEPT. RATE (IACCEPTL):   0.00000000000000
 T-DIST. PROPOSAL DENSITY (DF):             0
 NO. ITERATIONS FOR MAP (MAPITER):          1
 INTERVAL ITER. FOR MAP (MAPINTER):         0
 MAP COVARIANCE/MODE SETTING (MAPCOV):      1
 Gradient Quick Value (GRDQ):               0.00000000000000


 THE FOLLOWING LABELS ARE EQUIVALENT
 PRED=PREDI
 RES=RESI
 WRES=WRESI
 IWRS=IWRESI
 IPRD=IPREDI
 IRS=IRESI

 EM/BAYES SETUP:
 THETAS THAT ARE MU MODELED:
   2   3
 THETAS THAT ARE SIGMA-LIKE:
 

 MONITORING OF SEARCH:

 iteration            0  OBJ=  -1724.9348705570908 eff.=    5640. Smpl.=    5000. Fit.= 0.94069
 iteration            1  OBJ=  -1725.4940353952049 eff.=    1781. Smpl.=    5000. Fit.= 0.79092
 iteration            2  OBJ=  -1725.5027167999629 eff.=    1892. Smpl.=    5000. Fit.= 0.80443
 iteration            3  OBJ=  -1724.9894080270030 eff.=    1990. Smpl.=    5000. Fit.= 0.81325
 iteration            4  OBJ=  -1724.9980134463081 eff.=    1984. Smpl.=    5000. Fit.= 0.81317
 iteration            5  OBJ=  -1724.9802652384235 eff.=    2009. Smpl.=    5000. Fit.= 0.81428
 iteration            6  OBJ=  -1725.0838918870045 eff.=    2001. Smpl.=    5000. Fit.= 0.81426
 iteration            7  OBJ=  -1724.9634036009732 eff.=    2007. Smpl.=    5000. Fit.= 0.81426
 iteration            8  OBJ=  -1725.1090355429258 eff.=    2001. Smpl.=    5000. Fit.= 0.81414
 iteration            9  OBJ=  -1725.3218155164172 eff.=    2007. Smpl.=    5000. Fit.= 0.81419
 iteration           10  OBJ=  -1725.0702244625297 eff.=    1996. Smpl.=    5000. Fit.= 0.81348
 iteration           11  OBJ=  -1725.4401153844096 eff.=    2003. Smpl.=    5000. Fit.= 0.81416
 Convergence achieved
 iteration           11  OBJ=  -1724.6607677409584 eff.=    1991. Smpl.=    5000. Fit.= 0.81366

 #TERM:
 EXPECTATION ONLY PROCESS WAS COMPLETED


 ETABAR IS THE ARITHMETIC MEAN OF THE ETA-ESTIMATES,
 AND THE P-VALUE IS GIVEN FOR THE NULL HYPOTHESIS THAT THE TRUE MEAN IS 0.

 ETABAR:         0.0000E+00 -5.9398E-04 -3.9410E-04  0.0000E+00  0.0000E+00
 SE:             0.0000E+00  4.0731E-02  5.1278E-02  0.0000E+00  0.0000E+00
 N:                       0          90          90           0           0

 P VAL.:         1.0000E+00  9.8836E-01  9.9387E-01  1.0000E+00  1.0000E+00

 ETASHRINKSD(%)  0.0000E+00  7.2426E+00  9.6334E+00  0.0000E+00  0.0000E+00
 ETASHRINKVR(%)  0.0000E+00  1.3961E+01  1.8339E+01  0.0000E+00  0.0000E+00
 EBVSHRINKSD(%)  0.0000E+00  7.3203E+00  9.5994E+00  0.0000E+00  0.0000E+00
 EBVSHRINKVR(%)  0.0000E+00  1.4105E+01  1.8277E+01  0.0000E+00  0.0000E+00
 RELATIVEINF(%)  0.0000E+00  0.0000E+00  0.0000E+00  0.0000E+00  0.0000E+00
 EPSSHRINKSD(%)  1.2212E+01  1.0000E+02
 EPSSHRINKVR(%)  2.2932E+01  1.0000E+02

  
 TOTAL DATA POINTS NORMALLY DISTRIBUTED (N):          641
 N*LOG(2PI) CONSTANT TO OBJECTIVE FUNCTION:    1178.0791995683903     
 OBJECTIVE FUNCTION VALUE WITHOUT CONSTANT:   -1724.6607677409584     
 OBJECTIVE FUNCTION VALUE WITH CONSTANT:      -546.58156817256804     
 REPORTED OBJECTIVE FUNCTION DOES NOT CONTAIN CONSTANT
  
 TOTAL EFFECTIVE ETAS (NIND*NETA):                           180
  
 #TERE:
 Elapsed estimation  time in seconds:     2.46
 Elapsed covariance  time in seconds:     6.28
1
 
 
 
 
 
 
 
 
 
 
 
 
 
 
 
 
 
 
 
 
 ************************************************************************************************************************
 ********************                                                                                ********************
 ********************               OBJECTIVE FUNCTION EVALUATION BY IMPORTANCE SAMPLING             ********************
 #OBJT:**************                        FINAL VALUE OF OBJECTIVE FUNCTION                       ********************
 ********************                                                                                ********************
 ************************************************************************************************************************
 





 #OBJV:********************************************    -1724.661       **************************************************
1
 ************************************************************************************************************************
 ********************                                                                                ********************
 ********************               OBJECTIVE FUNCTION EVALUATION BY IMPORTANCE SAMPLING             ********************
 ********************                             FINAL PARAMETER ESTIMATE                           ********************
 ********************                                                                                ********************
 ************************************************************************************************************************
 


 THETA - VECTOR OF FIXED EFFECTS PARAMETERS   *********


         TH 1      TH 2      TH 3      TH 4      TH 5     
 
         8.05E-01  4.32E+00  2.51E+00  5.22E+00  2.17E+00
 


 OMEGA - COV MATRIX FOR RANDOM EFFECTS - ETAS  ********


         ETA1      ETA2      ETA3      ETA4      ETA5     
 
 ETA1
+        0.00E+00
 
 ETA2
+        0.00E+00  1.75E-01
 
 ETA3
+        0.00E+00 -3.07E-02  2.93E-01
 
 ETA4
+        0.00E+00  0.00E+00  0.00E+00  0.00E+00
 
 ETA5
+        0.00E+00  0.00E+00  0.00E+00  0.00E+00  0.00E+00
 


 SIGMA - COV MATRIX FOR RANDOM EFFECTS - EPSILONS  ****


         EPS1      EPS2     
 
 EPS1
+        8.09E-02
 
 EPS2
+        0.00E+00  0.00E+00
 
1


 OMEGA - CORR MATRIX FOR RANDOM EFFECTS - ETAS  *******


         ETA1      ETA2      ETA3      ETA4      ETA5     
 
 ETA1
+        0.00E+00
 
 ETA2
+        0.00E+00  4.19E-01
 
 ETA3
+        0.00E+00 -1.35E-01  5.41E-01
 
 ETA4
+        0.00E+00  0.00E+00  0.00E+00  0.00E+00
 
 ETA5
+        0.00E+00  0.00E+00  0.00E+00  0.00E+00  0.00E+00
 


 SIGMA - CORR MATRIX FOR RANDOM EFFECTS - EPSILONS  ***


         EPS1      EPS2     
 
 EPS1
+        2.84E-01
 
 EPS2
+        0.00E+00  0.00E+00
 
1
 ************************************************************************************************************************
 ********************                                                                                ********************
 ********************               OBJECTIVE FUNCTION EVALUATION BY IMPORTANCE SAMPLING             ********************
 ********************                         STANDARD ERROR OF ESTIMATE (RSR)                       ********************
 ********************                                                                                ********************
 ************************************************************************************************************************
 


 THETA - VECTOR OF FIXED EFFECTS PARAMETERS   *********


         TH 1      TH 2      TH 3      TH 4      TH 5     
 
         6.58E-02  5.90E-02  1.03E-01  2.77E-01  7.02E-02
 


 OMEGA - COV MATRIX FOR RANDOM EFFECTS - ETAS  ********


         ETA1      ETA2      ETA3      ETA4      ETA5     
 
 ETA1
+        0.00E+00
 
 ETA2
+        0.00E+00  3.15E-02
 
 ETA3
+        0.00E+00  2.39E-02  5.08E-02
 
 ETA4
+        0.00E+00  0.00E+00  0.00E+00  0.00E+00
 
 ETA5
+        0.00E+00  0.00E+00  0.00E+00  0.00E+00  0.00E+00
 


 SIGMA - COV MATRIX FOR RANDOM EFFECTS - EPSILONS  ****


         EPS1      EPS2     
 
 EPS1
+        5.41E-03
 
 EPS2
+        0.00E+00  0.00E+00
 
1


 OMEGA - CORR MATRIX FOR RANDOM EFFECTS - ETAS  *******


         ETA1      ETA2      ETA3      ETA4      ETA5     
 
 ETA1
+       .........
 
 ETA2
+       .........  3.76E-02
 
 ETA3
+       .........  1.03E-01  4.69E-02
 
 ETA4
+       ......... ......... ......... .........
 
 ETA5
+       ......... ......... ......... ......... .........
 


 SIGMA - CORR MATRIX FOR RANDOM EFFECTS - EPSILONS  ***


         EPS1      EPS2     
 
 EPS1
+        9.51E-03
 
 EPS2
+       ......... .........
 
1
 ************************************************************************************************************************
 ********************                                                                                ********************
 ********************               OBJECTIVE FUNCTION EVALUATION BY IMPORTANCE SAMPLING             ********************
 ********************                       COVARIANCE MATRIX OF ESTIMATE (RSR)                      ********************
 ********************                                                                                ********************
 ************************************************************************************************************************
 

            TH 1      TH 2      TH 3      TH 4      TH 5      OM11      OM12      OM13      OM14      OM15      OM22      OM23  
             OM24      OM25      OM33      OM34      OM35      OM44      OM45      OM55      SG11      SG12      SG22  
 
 TH 1
+        4.32E-03
 
 TH 2
+        2.25E-03  3.49E-03
 
 TH 3
+       -2.36E-03 -1.87E-03  1.05E-02
 
 TH 4
+        7.73E-03  4.92E-03 -2.23E-02  7.69E-02
 
 TH 5
+        6.58E-04  5.91E-04 -3.59E-03  1.48E-02  4.93E-03
 
 OM11
+       ......... ......... ......... ......... ......... .........
 
 OM12
+       ......... ......... ......... ......... ......... ......... .........
 
 OM13
+       ......... ......... ......... ......... ......... ......... ......... .........
 
 OM14
+       ......... ......... ......... ......... ......... ......... ......... ......... .........
 
 OM15
+       ......... ......... ......... ......... ......... ......... ......... ......... ......... .........
 
 OM22
+       -3.18E-04 -4.57E-04  3.32E-04 -1.36E-03 -4.12E-04  0.00E+00  0.00E+00  0.00E+00  0.00E+00  0.00E+00  9.92E-04
 
 OM23
+        1.80E-04  4.28E-05  3.77E-04  4.26E-04  2.19E-04  0.00E+00  0.00E+00  0.00E+00  0.00E+00  0.00E+00 -8.20E-05  5.70E-04
 
 OM24
+       ......... ......... ......... ......... ......... ......... ......... ......... ......... ......... ......... .........
         .........
 
 OM25
+       ......... ......... ......... ......... ......... ......... ......... ......... ......... ......... ......... .........
         ......... .........
 
 OM33
+        5.27E-04  7.53E-04 -2.14E-03  4.83E-03  7.48E-04  0.00E+00  0.00E+00  0.00E+00  0.00E+00  0.00E+00 -3.94E-04 -2.14E-04
          0.00E+00  0.00E+00  2.58E-03
 
 OM34
+       ......... ......... ......... ......... ......... ......... ......... ......... ......... ......... ......... .........
         ......... ......... ......... .........
 
 OM35
+       ......... ......... ......... ......... ......... ......... ......... ......... ......... ......... ......... .........
         ......... ......... ......... ......... .........
 
 OM44
+       ......... ......... ......... ......... ......... ......... ......... ......... ......... ......... ......... .........
         ......... ......... ......... ......... ......... .........
 
 OM45
+       ......... ......... ......... ......... ......... ......... ......... ......... ......... ......... ......... .........
         ......... ......... ......... ......... ......... ......... .........
 
1

            TH 1      TH 2      TH 3      TH 4      TH 5      OM11      OM12      OM13      OM14      OM15      OM22      OM23  
             OM24      OM25      OM33      OM34      OM35      OM44      OM45      OM55      SG11      SG12      SG22  
 
 OM55
+       ......... ......... ......... ......... ......... ......... ......... ......... ......... ......... ......... .........
         ......... ......... ......... ......... ......... ......... ......... .........
 
 SG11
+        9.10E-05  1.03E-04 -7.45E-05  2.12E-04  8.97E-06  0.00E+00  0.00E+00  0.00E+00  0.00E+00  0.00E+00 -1.04E-05 -2.33E-06
          0.00E+00  0.00E+00  6.21E-05  0.00E+00  0.00E+00  0.00E+00  0.00E+00  0.00E+00  2.93E-05
 
 SG12
+       ......... ......... ......... ......... ......... ......... ......... ......... ......... ......... ......... .........
         ......... ......... ......... ......... ......... ......... ......... ......... ......... .........
 
 SG22
+       ......... ......... ......... ......... ......... ......... ......... ......... ......... ......... ......... .........
         ......... ......... ......... ......... ......... ......... ......... ......... ......... ......... .........
 
1
 ************************************************************************************************************************
 ********************                                                                                ********************
 ********************               OBJECTIVE FUNCTION EVALUATION BY IMPORTANCE SAMPLING             ********************
 ********************                       CORRELATION MATRIX OF ESTIMATE (RSR)                     ********************
 ********************                                                                                ********************
 ************************************************************************************************************************
 

            TH 1      TH 2      TH 3      TH 4      TH 5      OM11      OM12      OM13      OM14      OM15      OM22      OM23  
             OM24      OM25      OM33      OM34      OM35      OM44      OM45      OM55      SG11      SG12      SG22  
 
 TH 1
+        6.58E-02
 
 TH 2
+        5.80E-01  5.90E-02
 
 TH 3
+       -3.49E-01 -3.08E-01  1.03E-01
 
 TH 4
+        4.24E-01  3.00E-01 -7.84E-01  2.77E-01
 
 TH 5
+        1.43E-01  1.43E-01 -4.99E-01  7.61E-01  7.02E-02
 
 OM11
+       ......... ......... ......... ......... ......... .........
 
 OM12
+       ......... ......... ......... ......... ......... ......... .........
 
 OM13
+       ......... ......... ......... ......... ......... ......... ......... .........
 
 OM14
+       ......... ......... ......... ......... ......... ......... ......... ......... .........
 
 OM15
+       ......... ......... ......... ......... ......... ......... ......... ......... ......... .........
 
 OM22
+       -1.54E-01 -2.46E-01  1.03E-01 -1.56E-01 -1.86E-01  0.00E+00  0.00E+00  0.00E+00  0.00E+00  0.00E+00  3.15E-02
 
 OM23
+        1.15E-01  3.03E-02  1.54E-01  6.44E-02  1.30E-01  0.00E+00  0.00E+00  0.00E+00  0.00E+00  0.00E+00 -1.09E-01  2.39E-02
 
 OM24
+       ......... ......... ......... ......... ......... ......... ......... ......... ......... ......... ......... .........
         .........
 
 OM25
+       ......... ......... ......... ......... ......... ......... ......... ......... ......... ......... ......... .........
         ......... .........
 
 OM33
+        1.58E-01  2.51E-01 -4.10E-01  3.43E-01  2.10E-01  0.00E+00  0.00E+00  0.00E+00  0.00E+00  0.00E+00 -2.47E-01 -1.76E-01
          0.00E+00  0.00E+00  5.08E-02
 
 OM34
+       ......... ......... ......... ......... ......... ......... ......... ......... ......... ......... ......... .........
         ......... ......... ......... .........
 
 OM35
+       ......... ......... ......... ......... ......... ......... ......... ......... ......... ......... ......... .........
         ......... ......... ......... ......... .........
 
 OM44
+       ......... ......... ......... ......... ......... ......... ......... ......... ......... ......... ......... .........
         ......... ......... ......... ......... ......... .........
 
 OM45
+       ......... ......... ......... ......... ......... ......... ......... ......... ......... ......... ......... .........
         ......... ......... ......... ......... ......... ......... .........
 
1

            TH 1      TH 2      TH 3      TH 4      TH 5      OM11      OM12      OM13      OM14      OM15      OM22      OM23  
             OM24      OM25      OM33      OM34      OM35      OM44      OM45      OM55      SG11      SG12      SG22  
 
 OM55
+       ......... ......... ......... ......... ......... ......... ......... ......... ......... ......... ......... .........
         ......... ......... ......... ......... ......... ......... ......... .........
 
 SG11
+        2.56E-01  3.24E-01 -1.34E-01  1.41E-01  2.36E-02  0.00E+00  0.00E+00  0.00E+00  0.00E+00  0.00E+00 -6.09E-02 -1.80E-02
          0.00E+00  0.00E+00  2.26E-01  0.00E+00  0.00E+00  0.00E+00  0.00E+00  0.00E+00  5.41E-03
 
 SG12
+       ......... ......... ......... ......... ......... ......... ......... ......... ......... ......... ......... .........
         ......... ......... ......... ......... ......... ......... ......... ......... ......... .........
 
 SG22
+       ......... ......... ......... ......... ......... ......... ......... ......... ......... ......... ......... .........
         ......... ......... ......... ......... ......... ......... ......... ......... ......... ......... .........
 
1
 ************************************************************************************************************************
 ********************                                                                                ********************
 ********************               OBJECTIVE FUNCTION EVALUATION BY IMPORTANCE SAMPLING             ********************
 ********************                   INVERSE COVARIANCE MATRIX OF ESTIMATE (RSR)                  ********************
 ********************                                                                                ********************
 ************************************************************************************************************************
 

            TH 1      TH 2      TH 3      TH 4      TH 5      OM11      OM12      OM13      OM14      OM15      OM22      OM23  
             OM24      OM25      OM33      OM34      OM35      OM44      OM45      OM55      SG11      SG12      SG22  
 
 TH 1
+        4.37E+02
 
 TH 2
+       -2.22E+02  4.87E+02
 
 TH 3
+       -1.90E+01  4.26E+01  3.03E+02
 
 TH 4
+       -6.49E+01  1.64E+01  1.01E+02  7.81E+01
 
 TH 5
+        1.50E+02 -2.87E+01 -8.43E+01 -1.50E+02  5.85E+02
 
 OM11
+       ......... ......... ......... ......... ......... .........
 
 OM12
+       ......... ......... ......... ......... ......... ......... .........
 
 OM13
+       ......... ......... ......... ......... ......... ......... ......... .........
 
 OM14
+       ......... ......... ......... ......... ......... ......... ......... ......... .........
 
 OM15
+       ......... ......... ......... ......... ......... ......... ......... ......... ......... .........
 
 OM22
+        2.21E+01  1.23E+02  2.36E+01 -1.39E+01  1.06E+02  0.00E+00  0.00E+00  0.00E+00  0.00E+00  0.00E+00  1.17E+03
 
 OM23
+       -1.01E+02  1.89E+00 -2.13E+02 -5.65E+01 -7.67E+01  0.00E+00  0.00E+00  0.00E+00  0.00E+00  0.00E+00  1.71E+02  2.09E+03
 
 OM24
+       ......... ......... ......... ......... ......... ......... ......... ......... ......... ......... ......... .........
         .........
 
 OM25
+       ......... ......... ......... ......... ......... ......... ......... ......... ......... ......... ......... .........
         ......... .........
 
 OM33
+        3.97E+01 -4.36E+01  6.78E+01 -1.47E+01  2.19E+01  0.00E+00  0.00E+00  0.00E+00  0.00E+00  0.00E+00  1.75E+02  1.69E+02
          0.00E+00  0.00E+00  5.28E+02
 
 OM34
+       ......... ......... ......... ......... ......... ......... ......... ......... ......... ......... ......... .........
         ......... ......... ......... .........
 
 OM35
+       ......... ......... ......... ......... ......... ......... ......... ......... ......... ......... ......... .........
         ......... ......... ......... ......... .........
 
 OM44
+       ......... ......... ......... ......... ......... ......... ......... ......... ......... ......... ......... .........
         ......... ......... ......... ......... ......... .........
 
 OM45
+       ......... ......... ......... ......... ......... ......... ......... ......... ......... ......... ......... .........
         ......... ......... ......... ......... ......... ......... .........
 
1

            TH 1      TH 2      TH 3      TH 4      TH 5      OM11      OM12      OM13      OM14      OM15      OM22      OM23  
             OM24      OM25      OM33      OM34      OM35      OM44      OM45      OM55      SG11      SG12      SG22  
 
 OM55
+       ......... ......... ......... ......... ......... ......... ......... ......... ......... ......... ......... .........
         ......... ......... ......... ......... ......... ......... ......... .........
 
 SG11
+       -2.81E+02 -8.95E+02 -1.81E+02 -9.67E+01  3.15E+02  0.00E+00  0.00E+00  0.00E+00  0.00E+00  0.00E+00 -3.18E+02  6.58E+01
          0.00E+00  0.00E+00 -7.43E+02  0.00E+00  0.00E+00  0.00E+00  0.00E+00  0.00E+00  3.98E+04
 
 SG12
+       ......... ......... ......... ......... ......... ......... ......... ......... ......... ......... ......... .........
         ......... ......... ......... ......... ......... ......... ......... ......... ......... .........
 
 SG22
+       ......... ......... ......... ......... ......... ......... ......... ......... ......... ......... ......... .........
         ......... ......... ......... ......... ......... ......... ......... ......... ......... ......... .........
 
1
 
 
 
 
 
 
 
 
 
 
 
 
 
 
 
 
 
 
 
 
 ************************************************************************************************************************
 ********************                                                                                ********************
 ********************               OBJECTIVE FUNCTION EVALUATION BY IMPORTANCE SAMPLING             ********************
 ********************                   EIGENVALUES OF COR MATRIX OF ESTIMATE (RSR)                  ********************
 ********************                                                                                ********************
 ************************************************************************************************************************
 

             1         2         3         4         5         6         7         8         9
 
         1.06E-01  3.41E-01  4.23E-01  5.78E-01  7.84E-01  9.94E-01  1.23E+00  1.40E+00  3.15E+00
 
 Elapsed postprocess time in seconds:     1.02
 Elapsed finaloutput time in seconds:     0.09
 #CPUT: Total CPU Time in Seconds,      608.505
Stop Time:
Tue Oct  8 19:20:49 EDT 2024
